pybullet build time: Jan 29 2025 23:16:28

Blocks with corresponding ids: {6: block0_0_0:block, 7: block1_0_0:block, 8: block2_0_0:block, 9: block3_0_0:block}.

Goal objects with corresponding ids: {}

Tables with corresponding ids: {2: table0:table, 3: table1:table, 4: table2:table, 5: table3:table}.
Starting TAMP planning with bilevel approach...
Current queue length: 1
Current queue length: 2
Current queue length: 3
Current queue length: 4
Current queue length: 4
Current queue length: 5
Current queue length: 6
Current queue length: 7
Current queue length: 7
Current queue length: 8
Current queue length: 9
Current queue length: 10
Current queue length: 10
Current queue length: 11
Current queue length: 12
Current queue length: 13
Current queue length: 13
Current queue length: 14
Current queue length: 15
Current queue length: 16
Current queue length: 17
Current queue length: 17
Current queue length: 18
Current queue length: 19
Current queue length: 20
Current queue length: 21
Current queue length: 21
Current queue length: 22
Current queue length: 23
Current queue length: 24
Current queue length: 25
Current queue length: 25
Current queue length: 26
Current queue length: 27
Current queue length: 28
Current queue length: 29
Current queue length: 29
Current queue length: 30
Current queue length: 31
Current queue length: 32
Current queue length: 32
Current queue length: 33
Current queue length: 34
Current queue length: 35
Current queue length: 35
Current queue length: 36
Current queue length: 37
Current queue length: 38
Current queue length: 38
Current queue length: 39
Current queue length: 40
Current queue length: 41
Current queue length: 41
Current queue length: 42
Current queue length: 43
Current queue length: 44
Current queue length: 44
Current queue length: 45
Current queue length: 46
Current queue length: 47
Current queue length: 47
Current queue length: 48
Current queue length: 49
Current queue length: 49
Current queue length: 50
Current queue length: 51
Current queue length: 52
Current queue length: 53
Current queue length: 53
Current queue length: 54
Current queue length: 55
Current queue length: 56
Current queue length: 57
Current queue length: 57
Current queue length: 58
Current queue length: 59
Current queue length: 60
Current queue length: 61
Current queue length: 61
Current queue length: 62
Current queue length: 63
Current queue length: 64
Current queue length: 65
Current queue length: 65
Current queue length: 66
Current queue length: 67
Current queue length: 68
Current queue length: 68
Current queue length: 69
Current queue length: 70
Current queue length: 71
Current queue length: 71
Current queue length: 72
Current queue length: 73
Current queue length: 74
Current queue length: 74
Current queue length: 75
Current queue length: 76
Current queue length: 77
Current queue length: 77
Current queue length: 78
Current queue length: 79
Current queue length: 80
Current queue length: 80
Current queue length: 81
Current queue length: 82
Current queue length: 83
Current queue length: 83
Current queue length: 84
Current queue length: 85
Current queue length: 86
Current queue length: 86
Current queue length: 87
Current queue length: 88
Current queue length: 89
Current queue length: 89
Current queue length: 90
Current queue length: 91
Current queue length: 92
Current queue length: 93
Current queue length: 93
Current queue length: 94
Current queue length: 95
Current queue length: 96
Current queue length: 97
Current queue length: 97
Current queue length: 98
Current queue length: 99
Current queue length: 100
Current queue length: 101
Current queue length: 101
Current queue length: 102
Current queue length: 103
Current queue length: 104
Current queue length: 105
Current queue length: 105
Current queue length: 106
Current queue length: 107
Current queue length: 108
Current queue length: 108
Current queue length: 109
Current queue length: 110
Current queue length: 111
Current queue length: 111
Current queue length: 112
Current queue length: 113
Current queue length: 114
Current queue length: 114
Current queue length: 115
Current queue length: 116
Current queue length: 117
Current queue length: 117
Current queue length: 118
Current queue length: 119
Current queue length: 120
Current queue length: 120
Current queue length: 121
Current queue length: 122
Current queue length: 123
Current queue length: 124
Current queue length: 124
Current queue length: 125
Current queue length: 126
Current queue length: 127
Current queue length: 128
Current queue length: 128
Current queue length: 129
Current queue length: 130
Current queue length: 131
Current queue length: 132
Current queue length: 132
Current queue length: 133
Current queue length: 134
Current queue length: 135
Current queue length: 135
Current queue length: 136
Current queue length: 137
Current queue length: 138
Current queue length: 139
Current queue length: 139
Current queue length: 140
Current queue length: 141
Current queue length: 142
Current queue length: 142
Current queue length: 143
Current queue length: 144
Current queue length: 145
Current queue length: 145
Current queue length: 146
Current queue length: 147
Current queue length: 148
Current queue length: 148
Current queue length: 149
Current queue length: 150
Current queue length: 151
Current queue length: 152
Current queue length: 152
Current queue length: 153
Current queue length: 154
Current queue length: 155
Current queue length: 156
Current queue length: 156
Current queue length: 157
Current queue length: 158
Current queue length: 159
Current queue length: 160
Current queue length: 160
Current queue length: 161
Current queue length: 162
Current queue length: 163
Current queue length: 163
Current queue length: 164
Current queue length: 165
Current queue length: 166
Current queue length: 167
Current queue length: 167
Current queue length: 168
Current queue length: 169
Current queue length: 170
Current queue length: 170
Current queue length: 171
Current queue length: 172
Current queue length: 173
Current queue length: 173
Current queue length: 174
Current queue length: 175
Current queue length: 176
Current queue length: 176
Current queue length: 177
Current queue length: 178
Current queue length: 179
Current queue length: 179
Current queue length: 180
Current queue length: 181
Current queue length: 181
Current queue length: 182
Current queue length: 183
Current queue length: 183
Current queue length: 184
Current queue length: 185
Current queue length: 185
Current queue length: 186
Current queue length: 187
Current queue length: 188
Current queue length: 188
Current queue length: 189
Current queue length: 190
Current queue length: 190
Current queue length: 191
Current queue length: 192
Current queue length: 192
Current queue length: 193
Current queue length: 194
Current queue length: 195
Current queue length: 195
Current queue length: 196
Current queue length: 197
Current queue length: 198
Current queue length: 198
Current queue length: 199
Current queue length: 200
Current queue length: 201
Current queue length: 201
Current queue length: 202
Current queue length: 203
Current queue length: 204
Current queue length: 204
Current queue length: 205
Current queue length: 206
Current queue length: 207
Current queue length: 207
Current queue length: 208
Current queue length: 209
Current queue length: 210
Current queue length: 210
Current queue length: 211
Current queue length: 212
Current queue length: 213
Current queue length: 214
Current queue length: 214
Current queue length: 215
Current queue length: 216
Current queue length: 217
Current queue length: 218
Current queue length: 218
Current queue length: 219
Current queue length: 220
Current queue length: 221
Current queue length: 221
Current queue length: 222
Current queue length: 223
Current queue length: 224
Current queue length: 224
Current queue length: 225
Current queue length: 226
Current queue length: 227
Current queue length: 228
Current queue length: 228
Current queue length: 229
Current queue length: 230
Current queue length: 231
Current queue length: 231
Current queue length: 232
Current queue length: 233
Current queue length: 234
Current queue length: 235
Current queue length: 235
Current queue length: 236
Current queue length: 237
Current queue length: 238
Current queue length: 238
Current queue length: 239
Current queue length: 240
Current queue length: 241
Current queue length: 242
Current queue length: 242
Current queue length: 243
Current queue length: 244
Current queue length: 245
Current queue length: 245
Current queue length: 246
Current queue length: 247
Current queue length: 248
Current queue length: 249
Current queue length: 249
Current queue length: 250
Current queue length: 251
Current queue length: 252
Current queue length: 253
Current queue length: 253
Current queue length: 254
Current queue length: 255
Current queue length: 256
Current queue length: 256
Current queue length: 257
Current queue length: 258
Current queue length: 259
Current queue length: 260
Current queue length: 260
Current queue length: 261
Current queue length: 262
Current queue length: 263
Current queue length: 264
Current queue length: 264
Current queue length: 265
Current queue length: 266
Current queue length: 267
Current queue length: 267
Current queue length: 268
Current queue length: 269
Current queue length: 270
Current queue length: 271
Current queue length: 271
Current queue length: 272
Current queue length: 273
Current queue length: 274
Current queue length: 274
Current queue length: 275
Current queue length: 276
Current queue length: 277
Current queue length: 278
Current queue length: 278
Current queue length: 279
Current queue length: 280
Current queue length: 281
Current queue length: 281
Current queue length: 282
Current queue length: 283
Current queue length: 284
Current queue length: 284
Current queue length: 285
Current queue length: 286
Current queue length: 287
Current queue length: 287
Current queue length: 288
Current queue length: 289
Current queue length: 290
Current queue length: 290
Current queue length: 291
Current queue length: 292
Current queue length: 293
Current queue length: 293
Current queue length: 294
Current queue length: 295
Current queue length: 296
Current queue length: 296
Current queue length: 297
Current queue length: 298
Current queue length: 299
Current queue length: 300
Current queue length: 300
Current queue length: 301
Current queue length: 302
Current queue length: 303
Current queue length: 303
Current queue length: 304
Current queue length: 305
Current queue length: 306
Current queue length: 306
Current queue length: 307
Current queue length: 308
Current queue length: 309
Current queue length: 309
Current queue length: 310
Current queue length: 311
Current queue length: 312
Current queue length: 313
Current queue length: 313
Current queue length: 314
Current queue length: 315
Current queue length: 316
Current queue length: 316
Current queue length: 317
Current queue length: 318
Current queue length: 319
Current queue length: 319
Current queue length: 320
Current queue length: 321
Current queue length: 322
Current queue length: 323
Current queue length: 323
Current queue length: 324
Current queue length: 325
Current queue length: 326
Current queue length: 327
Current queue length: 327
Current queue length: 328
Current queue length: 329
Current queue length: 330
Current queue length: 330
Current queue length: 331
Current queue length: 332
Current queue length: 333
Current queue length: 333
Current queue length: 334
Current queue length: 335
Current queue length: 336
Current queue length: 336
Current queue length: 337
Current queue length: 338
Current queue length: 339
Current queue length: 339
Current queue length: 340
Current queue length: 341
Current queue length: 342
Current queue length: 342
Current queue length: 343
Current queue length: 344
Current queue length: 345
Current queue length: 345
Current queue length: 346
Current queue length: 347
Current queue length: 348
Current queue length: 349
Current queue length: 349
Current queue length: 350
Current queue length: 351
Current queue length: 352
Current queue length: 352
Current queue length: 353
Current queue length: 354
Current queue length: 355
Current queue length: 355
Current queue length: 356
Current queue length: 357
Current queue length: 358
Current queue length: 359
Current queue length: 359
Current queue length: 360
Current queue length: 361
Current queue length: 362
Current queue length: 363
Current queue length: 363
Current queue length: 364
Current queue length: 365
Current queue length: 366
Current queue length: 366
Current queue length: 367
Current queue length: 368
Current queue length: 369
Current queue length: 369
Current queue length: 370
Current queue length: 371
Current queue length: 372
Current queue length: 372
Current queue length: 373
Current queue length: 374
Current queue length: 375
Current queue length: 375
Current queue length: 376
Current queue length: 377
Current queue length: 378
Current queue length: 378
Current queue length: 379
Current queue length: 380
Current queue length: 381
Current queue length: 381
Current queue length: 382
Current queue length: 383
Current queue length: 384
Current queue length: 385
Current queue length: 385
Current queue length: 386
Current queue length: 387
Current queue length: 388
Current queue length: 388
Current queue length: 389
Current queue length: 390
Current queue length: 391
Current queue length: 391
Current queue length: 392
Current queue length: 393
Current queue length: 394
Current queue length: 394
Current queue length: 395
Current queue length: 396
Current queue length: 397
Current queue length: 398
Current queue length: 398
Current queue length: 399
Current queue length: 400
Current queue length: 401
Current queue length: 401
Current queue length: 402
Current queue length: 403
Current queue length: 404
Current queue length: 404
Current queue length: 405
Current queue length: 406
Current queue length: 407
Current queue length: 408
Current queue length: 408
Current queue length: 409
Current queue length: 410
Current queue length: 411
Current queue length: 412
Current queue length: 412
Current queue length: 413
Current queue length: 414
Current queue length: 415
Current queue length: 415
Current queue length: 416
Current queue length: 417
Current queue length: 418
Current queue length: 418
Current queue length: 419
Current queue length: 420
Current queue length: 421
Current queue length: 421
Current queue length: 422
Current queue length: 423
Current queue length: 424
Current queue length: 425
Current queue length: 425
Current queue length: 426
Current queue length: 427
Current queue length: 428
Current queue length: 429
Current queue length: 429
Current queue length: 430
Current queue length: 431
Current queue length: 432
Current queue length: 432
Current queue length: 433
Current queue length: 434
Current queue length: 435
Current queue length: 435
Current queue length: 436
Current queue length: 437
Current queue length: 438
Current queue length: 439
Current queue length: 439
Current queue length: 440
Current queue length: 441
Current queue length: 442
Current queue length: 442
Current queue length: 443
Current queue length: 444
Current queue length: 445
Current queue length: 445
Current queue length: 446
Current queue length: 447
Current queue length: 448
Current queue length: 448
Current queue length: 449
Current queue length: 450
Current queue length: 451
Current queue length: 452
Current queue length: 452
Current queue length: 453
Current queue length: 454
Current queue length: 455
Current queue length: 456
Current queue length: 456
Current queue length: 457
Current queue length: 458
Current queue length: 459
Current queue length: 460
Current queue length: 460
Current queue length: 461
Current queue length: 462
Current queue length: 463
Current queue length: 463
Current queue length: 464
Current queue length: 465
Current queue length: 466
Current queue length: 467
Current queue length: 467
Current queue length: 468
Current queue length: 469
Current queue length: 470
Current queue length: 470
Current queue length: 471
Current queue length: 472
Current queue length: 473
Current queue length: 473
Current queue length: 474
Current queue length: 475
Current queue length: 476
Current queue length: 477
Current queue length: 477
Current queue length: 478
Current queue length: 479
Current queue length: 480
Current queue length: 481
Current queue length: 481
Current queue length: 482
Current queue length: 483
Current queue length: 484
Current queue length: 485
Current queue length: 485
Current queue length: 486
Current queue length: 487
Current queue length: 488
Current queue length: 489
Current queue length: 489
Current queue length: 490
Current queue length: 491
Current queue length: 492
Current queue length: 492
Current queue length: 493
Current queue length: 494
Current queue length: 495
Current queue length: 495
Current queue length: 496
Current queue length: 497
Current queue length: 498
Current queue length: 498
Current queue length: 499
Current queue length: 500
Current queue length: 501
Current queue length: 501
Current queue length: 502
Current queue length: 503
Current queue length: 504
Current queue length: 505
Current queue length: 505
Current queue length: 506
Current queue length: 507
Current queue length: 508
Current queue length: 509
Current queue length: 509
Current queue length: 510
Current queue length: 511
Current queue length: 512
Current queue length: 513
Current queue length: 513
Current queue length: 514
Current queue length: 515
Current queue length: 516
Current queue length: 517
Current queue length: 517
Current queue length: 518
Current queue length: 519
Current queue length: 520
Current queue length: 520
Current queue length: 521
Current queue length: 522
Current queue length: 523
Current queue length: 523
Current queue length: 524
Current queue length: 525
Current queue length: 526
Current queue length: 526
Current queue length: 527
Current queue length: 528
Current queue length: 529
Current queue length: 529
Current queue length: 530
Current queue length: 531
Current queue length: 532
Current queue length: 533
Current queue length: 533
Current queue length: 534
Current queue length: 535
Current queue length: 536
Current queue length: 537
Current queue length: 537
Current queue length: 538
Current queue length: 539
Current queue length: 540
Current queue length: 541
Current queue length: 541
Current queue length: 542
Current queue length: 543
Current queue length: 544
Current queue length: 544
Current queue length: 545
Current queue length: 546
Current queue length: 547
Current queue length: 547
Current queue length: 548
Current queue length: 549
Current queue length: 550
Current queue length: 551
Current queue length: 551
Current queue length: 552
Current queue length: 553
Current queue length: 554
Current queue length: 554
Current queue length: 555
Current queue length: 556
Current queue length: 557
Current queue length: 558
Current queue length: 558
Current queue length: 559
Current queue length: 560
Current queue length: 561
Current queue length: 562
Current queue length: 562
Current queue length: 563
Current queue length: 564
Current queue length: 565
Current queue length: 566
Current queue length: 566
Current queue length: 567
Current queue length: 568
Current queue length: 569
Current queue length: 570
Current queue length: 570
Current queue length: 571
Current queue length: 572
Current queue length: 573
Current queue length: 573
Current queue length: 574
Current queue length: 575
Current queue length: 576
Current queue length: 576
Current queue length: 577
Current queue length: 578
Current queue length: 579
Current queue length: 579
Current queue length: 580
Current queue length: 581
Current queue length: 582
Current queue length: 582
Current queue length: 583
Current queue length: 584
Current queue length: 585
Current queue length: 586
Current queue length: 586
Current queue length: 587
Current queue length: 588
Current queue length: 589
Current queue length: 590
Current queue length: 590
Current queue length: 591
Current queue length: 592
Current queue length: 593
Current queue length: 594
Current queue length: 594
Current queue length: 595
Current queue length: 596
Current queue length: 597
Current queue length: 597
Current queue length: 598
Current queue length: 599
Current queue length: 600
Current queue length: 600
Current queue length: 601
Current queue length: 602
Current queue length: 603
Current queue length: 604
Current queue length: 604
Current queue length: 605
Current queue length: 606
Current queue length: 607
Current queue length: 607
Current queue length: 608
Current queue length: 609
Current queue length: 610
Current queue length: 610
Current queue length: 611
Current queue length: 612
Current queue length: 613
Current queue length: 613
Current queue length: 614
Current queue length: 615
Current queue length: 616
Current queue length: 617
Current queue length: 617
Current queue length: 618
Current queue length: 619
Current queue length: 620
Current queue length: 621
Current queue length: 621
Current queue length: 622
Current queue length: 623
Current queue length: 624
Current queue length: 625
Current queue length: 625
Current queue length: 626
Current queue length: 627
Current queue length: 628
Current queue length: 629
Current queue length: 629
Current queue length: 630
Current queue length: 631
Current queue length: 632
Current queue length: 632
Current queue length: 633
Current queue length: 634
Current queue length: 635
Current queue length: 635
Current queue length: 636
Current queue length: 637
Current queue length: 638
Current queue length: 638
Current queue length: 639
Current queue length: 640
Current queue length: 641
Current queue length: 641
Current queue length: 642
Current queue length: 643
Current queue length: 644
Current queue length: 645
Current queue length: 645
Current queue length: 646
Current queue length: 647
Current queue length: 648
Current queue length: 649
Current queue length: 649
Current queue length: 650
Current queue length: 651
Current queue length: 652
Current queue length: 653
Current queue length: 653
Current queue length: 654
Current queue length: 655
Current queue length: 656
Current queue length: 657
Current queue length: 657
Current queue length: 658
Current queue length: 659
Current queue length: 660
Current queue length: 660
Current queue length: 661
Current queue length: 662
Current queue length: 663
Current queue length: 663
Current queue length: 664
Current queue length: 665
Current queue length: 666
Current queue length: 666
Current queue length: 667
Current queue length: 668
Current queue length: 669
Current queue length: 669
Current queue length: 670
Current queue length: 671
Current queue length: 672
Current queue length: 672
Current queue length: 673
Current queue length: 674
Current queue length: 674
Current queue length: 675
Current queue length: 676
Current queue length: 677
Current queue length: 677
Current queue length: 678
Current queue length: 679
Current queue length: 679
Current queue length: 680
Current queue length: 681
Current queue length: 681
Current queue length: 682
Current queue length: 683
Current queue length: 683
Current queue length: 684
Current queue length: 685
Current queue length: 685
Current queue length: 686
Current queue length: 687
Current queue length: 687
Current queue length: 688
Current queue length: 689
Current queue length: 689
Current queue length: 690
Current queue length: 691
Current queue length: 691
Current queue length: 692
Current queue length: 693
Current queue length: 693
Current queue length: 694
Current queue length: 695
Current queue length: 695
Current queue length: 696
Current queue length: 697
Current queue length: 697
Current queue length: 698
Current queue length: 699
Current queue length: 699
Current queue length: 700
Current queue length: 701
Current queue length: 701
Current queue length: 702
Current queue length: 703
Current queue length: 703
Current queue length: 704
Current queue length: 705
Current queue length: 705
Current queue length: 706
Current queue length: 707
Current queue length: 707
Current queue length: 708
Current queue length: 709
Current queue length: 709
Current queue length: 710
Current queue length: 711
Current queue length: 711
Current queue length: 712
Current queue length: 713
Current queue length: 714
Current queue length: 715
Current queue length: 715
Current queue length: 716
Current queue length: 717
Current queue length: 718
Current queue length: 719
Current queue length: 719
Current queue length: 720
Current queue length: 721
Current queue length: 722
Current queue length: 723
Current queue length: 723
Current queue length: 724
Current queue length: 725
Current queue length: 726
Current queue length: 726
Current queue length: 727
Current queue length: 728
Current queue length: 729
Current queue length: 730
Current queue length: 730
Current queue length: 731
Current queue length: 732
Current queue length: 733
Current queue length: 734
Current queue length: 734
Current queue length: 735
Current queue length: 736
Current queue length: 737
Current queue length: 737
Current queue length: 738
Current queue length: 739
Current queue length: 740
Current queue length: 741
Current queue length: 741
Current queue length: 742
Current queue length: 743
Current queue length: 744
Current queue length: 745
Current queue length: 745
Current queue length: 746
Current queue length: 747
Current queue length: 748
Current queue length: 748
Current queue length: 749
Current queue length: 750
Current queue length: 751
Current queue length: 751
Current queue length: 752
Current queue length: 753
Current queue length: 754
Current queue length: 754
Current queue length: 755
Current queue length: 756
Current queue length: 757
Current queue length: 758
Current queue length: 758
Current queue length: 759
Current queue length: 760
Current queue length: 761
Current queue length: 761
Current queue length: 762
Current queue length: 763
Current queue length: 764
Current queue length: 764
Current queue length: 765
Current queue length: 766
Current queue length: 767
Current queue length: 767
Current queue length: 768
Current queue length: 769
Current queue length: 770
Current queue length: 770
Current queue length: 771
Current queue length: 772
Current queue length: 773
Current queue length: 773
Current queue length: 774
Current queue length: 775
Current queue length: 776
Current queue length: 777
Current queue length: 777
Current queue length: 778
Current queue length: 779
Current queue length: 780
Current queue length: 781
Current queue length: 781
Current queue length: 782
Current queue length: 783
Current queue length: 784
Current queue length: 785
Current queue length: 785
Current queue length: 786
Current queue length: 787
Current queue length: 788
Current queue length: 788
Current queue length: 789
Current queue length: 790
Current queue length: 791
Current queue length: 792
Current queue length: 792
Current queue length: 793
Current queue length: 794
Current queue length: 795
Current queue length: 796
Current queue length: 796
Current queue length: 797
Current queue length: 798
Current queue length: 799
Current queue length: 799
Current queue length: 800
Current queue length: 801
Current queue length: 802
Current queue length: 803
Current queue length: 803
Current queue length: 804
Current queue length: 805
Current queue length: 806
Current queue length: 807
Current queue length: 807
Current queue length: 808
Current queue length: 809
Current queue length: 810
Current queue length: 810
Current queue length: 811
Current queue length: 812
Current queue length: 813
Current queue length: 814
Current queue length: 814
Current queue length: 815
Current queue length: 816
Current queue length: 817
Current queue length: 818
Current queue length: 818
Current queue length: 819
Current queue length: 820
Current queue length: 821
Current queue length: 821
Current queue length: 822
Current queue length: 823
Current queue length: 824
Current queue length: 825
Current queue length: 825
Current queue length: 826
Current queue length: 827
Current queue length: 828
Current queue length: 828
Current queue length: 829
Current queue length: 830
Current queue length: 831
Current queue length: 831
Current queue length: 832
Current queue length: 833
Current queue length: 834
Current queue length: 834
Current queue length: 835
Current queue length: 836
Current queue length: 837
Current queue length: 838
Current queue length: 838
Current queue length: 839
Current queue length: 840
Current queue length: 841
Current queue length: 841
Current queue length: 842
Current queue length: 843
Current queue length: 844
Current queue length: 845
Current queue length: 845
Current queue length: 846
Current queue length: 847
Current queue length: 848
Current queue length: 848
Current queue length: 849
Current queue length: 850
Current queue length: 851
Current queue length: 851
Current queue length: 852
Current queue length: 853
Current queue length: 854
Current queue length: 854
Current queue length: 855
Current queue length: 856
Current queue length: 857
Current queue length: 857
Current queue length: 858
Current queue length: 859
Current queue length: 860
Current queue length: 860
Current queue length: 861
Current queue length: 862
Current queue length: 863
Current queue length: 864
Current queue length: 864
Current queue length: 865
Current queue length: 866
Current queue length: 867
Current queue length: 867
Current queue length: 868
Current queue length: 869
Current queue length: 870
Current queue length: 870
Current queue length: 871
Current queue length: 872
Current queue length: 873
Current queue length: 874
Current queue length: 874
Current queue length: 875
Current queue length: 876
Current queue length: 877
Current queue length: 877
Current queue length: 878
Current queue length: 879
Current queue length: 880
Current queue length: 880
Current queue length: 881
Current queue length: 882
Current queue length: 883
Current queue length: 883
Current queue length: 884
Current queue length: 885
Current queue length: 886
Current queue length: 886
Current queue length: 887
Current queue length: 888
Current queue length: 889
Current queue length: 889
Current queue length: 890
Current queue length: 891
Current queue length: 892
Current queue length: 893
Current queue length: 893
Current queue length: 894
Current queue length: 895
Current queue length: 896
Current queue length: 897
Current queue length: 897
Current queue length: 898
Current queue length: 899
Current queue length: 900
Current queue length: 900
Current queue length: 901
Current queue length: 902
Current queue length: 903
Current queue length: 903
Current queue length: 904
Current queue length: 905
Current queue length: 906
Current queue length: 907
Current queue length: 907
Current queue length: 908
Current queue length: 909
Current queue length: 910
Current queue length: 910
Current queue length: 911
Current queue length: 912
Current queue length: 913
Current queue length: 913
Current queue length: 914
Current queue length: 915
Current queue length: 916
Current queue length: 916
Current queue length: 917
Current queue length: 918
Current queue length: 919
Current queue length: 919
Current queue length: 920
Current queue length: 921
Current queue length: 922
Current queue length: 922
Current queue length: 923
Current queue length: 924
Current queue length: 925
Current queue length: 925
Current queue length: 926
Current queue length: 927
Current queue length: 928
Current queue length: 928
Current queue length: 929
Current queue length: 930
Current queue length: 931
Current queue length: 932
Current queue length: 932
Current queue length: 933
Current queue length: 934
Current queue length: 935
Current queue length: 935
Current queue length: 936
Current queue length: 937
Current queue length: 938
Current queue length: 939
Current queue length: 939
Current queue length: 940
Current queue length: 941
Current queue length: 942
Current queue length: 942
Current queue length: 943
Current queue length: 944
Current queue length: 945
Current queue length: 945
Current queue length: 946
Current queue length: 947
Current queue length: 948
Current queue length: 949
Current queue length: 949
Current queue length: 950
Current queue length: 951
Current queue length: 952
Current queue length: 953
Current queue length: 953
Current queue length: 954
Current queue length: 955
Current queue length: 956
Current queue length: 956
Current queue length: 957
Current queue length: 958
Current queue length: 959
Current queue length: 960
Current queue length: 960
Current queue length: 961
Current queue length: 962
Current queue length: 963
Current queue length: 964
Current queue length: 964
Current queue length: 965
Current queue length: 966
Current queue length: 967
Current queue length: 967
Current queue length: 968
Current queue length: 969
Current queue length: 970
Current queue length: 970
Current queue length: 971
Current queue length: 972
Current queue length: 973
Current queue length: 973
Current queue length: 974
Current queue length: 975
Current queue length: 976
Current queue length: 976
Current queue length: 977
Current queue length: 978
Current queue length: 979
Current queue length: 980
Current queue length: 980
Current queue length: 981
Current queue length: 982
Current queue length: 983
Current queue length: 983
Current queue length: 984
Current queue length: 985
Current queue length: 986
Current queue length: 987
Current queue length: 987
Current queue length: 988
Current queue length: 989
Current queue length: 990
Current queue length: 991
Current queue length: 991
Current queue length: 992
Current queue length: 993
Current queue length: 994
Current queue length: 994
Current queue length: 995
Current queue length: 996
Current queue length: 997
Current queue length: 998
Current queue length: 998
Current queue length: 999
Current queue length: 1000
Current queue length: 1001
Current queue length: 1001
Current queue length: 1002
Current queue length: 1003
Current queue length: 1004
Current queue length: 1005
Current queue length: 1005
Current queue length: 1006
Current queue length: 1007
Current queue length: 1008
Current queue length: 1009
Current queue length: 1009
Current queue length: 1010
Current queue length: 1011
Current queue length: 1012
Current queue length: 1012
Current queue length: 1013
Current queue length: 1014
Current queue length: 1015
Current queue length: 1016
Current queue length: 1016
Current queue length: 1017
Current queue length: 1018
Current queue length: 1019
Current queue length: 1019
Current queue length: 1020
Current queue length: 1021
Current queue length: 1022
Current queue length: 1022
Current queue length: 1023
Current queue length: 1024
Current queue length: 1025
Current queue length: 1025
Current queue length: 1026
Current queue length: 1027
Current queue length: 1028
Current queue length: 1028
Current queue length: 1029
Current queue length: 1030
Current queue length: 1031
Current queue length: 1031
Current queue length: 1032
Current queue length: 1033
Current queue length: 1034
Current queue length: 1034
Current queue length: 1035
Current queue length: 1036
Current queue length: 1037
Current queue length: 1037
Current queue length: 1038
Current queue length: 1039
Current queue length: 1040
Current queue length: 1040
Current queue length: 1041
Current queue length: 1042
Current queue length: 1043
Current queue length: 1043
Current queue length: 1044
Current queue length: 1045
Current queue length: 1046
Current queue length: 1046
Current queue length: 1047
Current queue length: 1048
Current queue length: 1049
Current queue length: 1050
Current queue length: 1050
Current queue length: 1051
Current queue length: 1052
Current queue length: 1053
Current queue length: 1053
Current queue length: 1054
Current queue length: 1055
Current queue length: 1056
Current queue length: 1056
Current queue length: 1057
Current queue length: 1058
Current queue length: 1059
Current queue length: 1059
Current queue length: 1060
Current queue length: 1061
Current queue length: 1062
Current queue length: 1063
Current queue length: 1063
Current queue length: 1064
Current queue length: 1065
Current queue length: 1066
Current queue length: 1066
Current queue length: 1067
Current queue length: 1068
Current queue length: 1069
Current queue length: 1069
Current queue length: 1070
Current queue length: 1071
Current queue length: 1072
Current queue length: 1072
Current queue length: 1073
Current queue length: 1074
Current queue length: 1075
Current queue length: 1075
Current queue length: 1076
Current queue length: 1077
Current queue length: 1078
Current queue length: 1078
Current queue length: 1079
Current queue length: 1080
Current queue length: 1081
Current queue length: 1082
Current queue length: 1082
Current queue length: 1083
Current queue length: 1084
Current queue length: 1085
Current queue length: 1085
Current queue length: 1086
Current queue length: 1087
Current queue length: 1088
Current queue length: 1088
Current queue length: 1089
Current queue length: 1090
Current queue length: 1091
Current queue length: 1091
Current queue length: 1092
Current queue length: 1093
Current queue length: 1094
Current queue length: 1094
Current queue length: 1095
Current queue length: 1096
Current queue length: 1097
Current queue length: 1098
Current queue length: 1098
Current queue length: 1099
Current queue length: 1100
Current queue length: 1101
Current queue length: 1101
Current queue length: 1102
Current queue length: 1103
Current queue length: 1104
Current queue length: 1104
Current queue length: 1105
Current queue length: 1106
Current queue length: 1107
Current queue length: 1107
Current queue length: 1108
Current queue length: 1109
Current queue length: 1110
Current queue length: 1110
Current queue length: 1111
Current queue length: 1112
Current queue length: 1113
Current queue length: 1113
Current queue length: 1114
Current queue length: 1115
Current queue length: 1116
Current queue length: 1117
Current queue length: 1117
Current queue length: 1118
Current queue length: 1119
Current queue length: 1120
Current queue length: 1120
Current queue length: 1121
Current queue length: 1122
Current queue length: 1123
Current queue length: 1123
Current queue length: 1124
Current queue length: 1125
Current queue length: 1126
Current queue length: 1126
Current queue length: 1127
Current queue length: 1128
Current queue length: 1129
Current queue length: 1130
Current queue length: 1130
Current queue length: 1131
Current queue length: 1132
Current queue length: 1133
Current queue length: 1133
Current queue length: 1134
Current queue length: 1135
Current queue length: 1136
Current queue length: 1136
Current queue length: 1137
Current queue length: 1138
Current queue length: 1139
Current queue length: 1139
Current queue length: 1140
Current queue length: 1141
Current queue length: 1142
Current queue length: 1143
Current queue length: 1143
Current queue length: 1144
Current queue length: 1145
Current queue length: 1146
Current queue length: 1146
Current queue length: 1147
Current queue length: 1148
Current queue length: 1149
Current queue length: 1149
Current queue length: 1150
Current queue length: 1151
Current queue length: 1152
Current queue length: 1153
Current queue length: 1153
Current queue length: 1154
Current queue length: 1155
Current queue length: 1156
Current queue length: 1156
Current queue length: 1157
Current queue length: 1158
Current queue length: 1159
Current queue length: 1159
Current queue length: 1160
Current queue length: 1161
Current queue length: 1162
Current queue length: 1163
Current queue length: 1163
Current queue length: 1164
Current queue length: 1165
Current queue length: 1166
Current queue length: 1166
Current queue length: 1167
Current queue length: 1168
Current queue length: 1169
Current queue length: 1169
Current queue length: 1170
Current queue length: 1171
Current queue length: 1172
Current queue length: 1172
Current queue length: 1173
Current queue length: 1174
Current queue length: 1175
Current queue length: 1176
Current queue length: 1176
Current queue length: 1177
Current queue length: 1178
Current queue length: 1179
Current queue length: 1180
Current queue length: 1180
Current queue length: 1181
Current queue length: 1182
Current queue length: 1183
Current queue length: 1183
Current queue length: 1184
Current queue length: 1185
Current queue length: 1186
Current queue length: 1186
Current queue length: 1187
Current queue length: 1188
Current queue length: 1189
Current queue length: 1189
Current queue length: 1190
Current queue length: 1191
Current queue length: 1192
Current queue length: 1192
Current queue length: 1193
Current queue length: 1194
Current queue length: 1195
Current queue length: 1195
Current queue length: 1196
Current queue length: 1197
Current queue length: 1198
Current queue length: 1198
Current queue length: 1199
Current queue length: 1200
Current queue length: 1201
Current queue length: 1201
Current queue length: 1202
Current queue length: 1203
Current queue length: 1204
Current queue length: 1204
Current queue length: 1205
Current queue length: 1206
Current queue length: 1207
Current queue length: 1207
Current queue length: 1208
Current queue length: 1209
Current queue length: 1210
Current queue length: 1210
Current queue length: 1211
Current queue length: 1212
Current queue length: 1213
Current queue length: 1214
Current queue length: 1214
Current queue length: 1215
Current queue length: 1216
Current queue length: 1217
Current queue length: 1218
Current queue length: 1218
Current queue length: 1219
Current queue length: 1220
Current queue length: 1221
Current queue length: 1221
Current queue length: 1222
Current queue length: 1223
Current queue length: 1224
Current queue length: 1224
Current queue length: 1225
Current queue length: 1226
Current queue length: 1227
Current queue length: 1228
Current queue length: 1228
Current queue length: 1229
Current queue length: 1230
Current queue length: 1231
Current queue length: 1232
Current queue length: 1232
Current queue length: 1233
Current queue length: 1234
Current queue length: 1235
Current queue length: 1235
Current queue length: 1236
Current queue length: 1237
Current queue length: 1238
Current queue length: 1238
Current queue length: 1239
Current queue length: 1240
Current queue length: 1241
Current queue length: 1242
Current queue length: 1242
Current queue length: 1243
Current queue length: 1244
Current queue length: 1245
Current queue length: 1245
Current queue length: 1246
Current queue length: 1247
Current queue length: 1248
Current queue length: 1248
Current queue length: 1249
Current queue length: 1250
Current queue length: 1251
Current queue length: 1251
Current queue length: 1252
Current queue length: 1253
Current queue length: 1254
Current queue length: 1254
Current queue length: 1255
Current queue length: 1256
Current queue length: 1257
Current queue length: 1257
Current queue length: 1258
Current queue length: 1259
Current queue length: 1260
Current queue length: 1261
Current queue length: 1261
Current queue length: 1262
Current queue length: 1263
Current queue length: 1264
Current queue length: 1264
Current queue length: 1265
Current queue length: 1266
Current queue length: 1267
Current queue length: 1267
Current queue length: 1268
Current queue length: 1269
Current queue length: 1270
Current queue length: 1271
Current queue length: 1271
Current queue length: 1272
Current queue length: 1273
Current queue length: 1274
Current queue length: 1274
Current queue length: 1275
Current queue length: 1276
Current queue length: 1277
Current queue length: 1277
Current queue length: 1278
Current queue length: 1279
Current queue length: 1280
Current queue length: 1281
Current queue length: 1281
Current queue length: 1282
Current queue length: 1283
Current queue length: 1284
Current queue length: 1284
Current queue length: 1285
Current queue length: 1286
Current queue length: 1287
Current queue length: 1287
Current queue length: 1288
Current queue length: 1289
Current queue length: 1290
Current queue length: 1290
Current queue length: 1291
Current queue length: 1292
Current queue length: 1293
Current queue length: 1294
Current queue length: 1294
Current queue length: 1295
Current queue length: 1296
Current queue length: 1297
Current queue length: 1297
Current queue length: 1298
Current queue length: 1299
Current queue length: 1300
Current queue length: 1300
Current queue length: 1301
Current queue length: 1302
Current queue length: 1303
Current queue length: 1303
Current queue length: 1304
Current queue length: 1305
Current queue length: 1306
Current queue length: 1306
Current queue length: 1307
Current queue length: 1308
Current queue length: 1309
Current queue length: 1309
Current queue length: 1310
Current queue length: 1311
Current queue length: 1312
Current queue length: 1312
Current queue length: 1313
Current queue length: 1314
Current queue length: 1315
Current queue length: 1315
Current queue length: 1316
Current queue length: 1317
Current queue length: 1318
Current queue length: 1318
Current queue length: 1319
Current queue length: 1320
Current queue length: 1321
Current queue length: 1321
Current queue length: 1322
Current queue length: 1323
Current queue length: 1324
Current queue length: 1325
Current queue length: 1325
Current queue length: 1326
Current queue length: 1327
Current queue length: 1328
Current queue length: 1328
Current queue length: 1329
Current queue length: 1330
Current queue length: 1331
Current queue length: 1331
Current queue length: 1332
Current queue length: 1333
Current queue length: 1334
Current queue length: 1334
Current queue length: 1335
Current queue length: 1336
Current queue length: 1337
Current queue length: 1338
Current queue length: 1338
Current queue length: 1339
Current queue length: 1340
Current queue length: 1341
Current queue length: 1341
Current queue length: 1342
Current queue length: 1343
Current queue length: 1344
Current queue length: 1344
Current queue length: 1345
Current queue length: 1346
Current queue length: 1347
Current queue length: 1347
Current queue length: 1348
Current queue length: 1349
Current queue length: 1350
Current queue length: 1351
Current queue length: 1351
Current queue length: 1352
Current queue length: 1353
Current queue length: 1354
Current queue length: 1355
Current queue length: 1355
Current queue length: 1356
Current queue length: 1357
Current queue length: 1358
Current queue length: 1358
Current queue length: 1359
Current queue length: 1360
Current queue length: 1361
Current queue length: 1362
Current queue length: 1362
Current queue length: 1363
Current queue length: 1364
Current queue length: 1365
Current queue length: 1365
Current queue length: 1366
Current queue length: 1367
Current queue length: 1368
Current queue length: 1368
Current queue length: 1369
Current queue length: 1370
Current queue length: 1371
Current queue length: 1372
Current queue length: 1372
Current queue length: 1373
Current queue length: 1374
Current queue length: 1375
Current queue length: 1375
Current queue length: 1376
Current queue length: 1377
Current queue length: 1378
Current queue length: 1378
Current queue length: 1379
Current queue length: 1380
Current queue length: 1381
Current queue length: 1381
Current queue length: 1382
Current queue length: 1383
Current queue length: 1384
Current queue length: 1384
Current queue length: 1385
Current queue length: 1386
Current queue length: 1387
Current queue length: 1387
Current queue length: 1388
Current queue length: 1389
Current queue length: 1390
Current queue length: 1390
Current queue length: 1391
Current queue length: 1392
Current queue length: 1393
Current queue length: 1394
Current queue length: 1394
Current queue length: 1395
Current queue length: 1396
Current queue length: 1397
Current queue length: 1398
Current queue length: 1398
Current queue length: 1399
Current queue length: 1400
Current queue length: 1401
Current queue length: 1401
Current queue length: 1402
Current queue length: 1403
Current queue length: 1404
Current queue length: 1404
Current queue length: 1405
Current queue length: 1406
Current queue length: 1407
Current queue length: 1408
Current queue length: 1408
Current queue length: 1409
Current queue length: 1410
Current queue length: 1411
Current queue length: 1412
Current queue length: 1412
Current queue length: 1413
Current queue length: 1414
Current queue length: 1415
Current queue length: 1415
Current queue length: 1416
Current queue length: 1417
Current queue length: 1418
Current queue length: 1418
Current queue length: 1419
Current queue length: 1420
Current queue length: 1421
Current queue length: 1422
Current queue length: 1422
Current queue length: 1423
Current queue length: 1424
Current queue length: 1425
Current queue length: 1425
Current queue length: 1426
Current queue length: 1427
Current queue length: 1428
Current queue length: 1428
Current queue length: 1429
Current queue length: 1430
Current queue length: 1431
Current queue length: 1431
Current queue length: 1432
Current queue length: 1433
Current queue length: 1434
Current queue length: 1434
Current queue length: 1435
Current queue length: 1436
Current queue length: 1437
Current queue length: 1437
Current queue length: 1438
Current queue length: 1439
Current queue length: 1440
Current queue length: 1441
Current queue length: 1441
Current queue length: 1442
Current queue length: 1443
Current queue length: 1444
Current queue length: 1444
Current queue length: 1445
Current queue length: 1446
Current queue length: 1447
Current queue length: 1448
Current queue length: 1448
Current queue length: 1449
Current queue length: 1450
Current queue length: 1451
Current queue length: 1451
Current queue length: 1452
Current queue length: 1453
Current queue length: 1454
Current queue length: 1454
Current queue length: 1455
Current queue length: 1456
Current queue length: 1457
Current queue length: 1458
Current queue length: 1458
Current queue length: 1459
Current queue length: 1460
Current queue length: 1461
Current queue length: 1461
Current queue length: 1462
Current queue length: 1463
Current queue length: 1464
Current queue length: 1464
Current queue length: 1465
Current queue length: 1466
Current queue length: 1467
Current queue length: 1467
Current queue length: 1468
Current queue length: 1469
Current queue length: 1470
Current queue length: 1470
Current queue length: 1471
Current queue length: 1472
Current queue length: 1473
Current queue length: 1473
Current queue length: 1474
Current queue length: 1475
Current queue length: 1476
Current queue length: 1477
Current queue length: 1477
Current queue length: 1478
Current queue length: 1479
Current queue length: 1480
Current queue length: 1481
Current queue length: 1481
Current queue length: 1482
Current queue length: 1483
Current queue length: 1484
Current queue length: 1484
Current queue length: 1485
Current queue length: 1486
Current queue length: 1487
Current queue length: 1488
Current queue length: 1488
Current queue length: 1489
Current queue length: 1490
Current queue length: 1491
Current queue length: 1492
Current queue length: 1492
Current queue length: 1493
Current queue length: 1494
Current queue length: 1495
Current queue length: 1495
Current queue length: 1496
Current queue length: 1497
Current queue length: 1498
Current queue length: 1499
Current queue length: 1499
Current queue length: 1500
Current queue length: 1501
Current queue length: 1502
Current queue length: 1503
Current queue length: 1503
Current queue length: 1504
Current queue length: 1505
Current queue length: 1506
Current queue length: 1507
Current queue length: 1507
Current queue length: 1508
Current queue length: 1509
Current queue length: 1510
Current queue length: 1511
Current queue length: 1511
Current queue length: 1512
Current queue length: 1513
Current queue length: 1514
Current queue length: 1514
Current queue length: 1515
Current queue length: 1516
Current queue length: 1517
Current queue length: 1517
Current queue length: 1518
Current queue length: 1519
Current queue length: 1520
Current queue length: 1520
Current queue length: 1521
Current queue length: 1522
Current queue length: 1523
Current queue length: 1523
Current queue length: 1524
Current queue length: 1525
Current queue length: 1526
Current queue length: 1527
Current queue length: 1527
Current queue length: 1528
Current queue length: 1529
Current queue length: 1530
Current queue length: 1531
Current queue length: 1531
Current queue length: 1532
Current queue length: 1533
Current queue length: 1534
Current queue length: 1534
Current queue length: 1535
Current queue length: 1536
Current queue length: 1537
Current queue length: 1538
Current queue length: 1538
Current queue length: 1539
Current queue length: 1540
Current queue length: 1541
Current queue length: 1542
Current queue length: 1542
Current queue length: 1543
Current queue length: 1544
Current queue length: 1545
Current queue length: 1546
Current queue length: 1546
Current queue length: 1547
Current queue length: 1548
Current queue length: 1549
Current queue length: 1550
Current queue length: 1550
Current queue length: 1551
Current queue length: 1552
Current queue length: 1553
Current queue length: 1553
Current queue length: 1554
Current queue length: 1555
Current queue length: 1556
Current queue length: 1556
Current queue length: 1557
Current queue length: 1558
Current queue length: 1559
Current queue length: 1559
Current queue length: 1560
Current queue length: 1561
Current queue length: 1562
Current queue length: 1563
Current queue length: 1563
Current queue length: 1564
Current queue length: 1565
Current queue length: 1566
Current queue length: 1567
Current queue length: 1567
Current queue length: 1568
Current queue length: 1569
Current queue length: 1570
Current queue length: 1570
Current queue length: 1571
Current queue length: 1572
Current queue length: 1573
Current queue length: 1574
Current queue length: 1574
Current queue length: 1575
Current queue length: 1576
Current queue length: 1577
Current queue length: 1578
Current queue length: 1578
Current queue length: 1579
Current queue length: 1580
Current queue length: 1581
Current queue length: 1581
Current queue length: 1582
Current queue length: 1583
Current queue length: 1584
Current queue length: 1584
Current queue length: 1585
Current queue length: 1586
Current queue length: 1587
Current queue length: 1587
Current queue length: 1588
Current queue length: 1589
Current queue length: 1590
Current queue length: 1591
Current queue length: 1591
Current queue length: 1592
Current queue length: 1593
Current queue length: 1594
Current queue length: 1595
Current queue length: 1595
Current queue length: 1596
Current queue length: 1597
Current queue length: 1598
Current queue length: 1598
Current queue length: 1599
Current queue length: 1600
Current queue length: 1601
Current queue length: 1602
Current queue length: 1602
Current queue length: 1603
Current queue length: 1604
Current queue length: 1605
Current queue length: 1605
Current queue length: 1606
Current queue length: 1607
Current queue length: 1608
Current queue length: 1609
Current queue length: 1609
Current queue length: 1610
Current queue length: 1611
Current queue length: 1612
Current queue length: 1613
Current queue length: 1613
Current queue length: 1614
Current queue length: 1615
Current queue length: 1616
Current queue length: 1616
Current queue length: 1617
Current queue length: 1618
Current queue length: 1619
Current queue length: 1619
Current queue length: 1620
Current queue length: 1621
Current queue length: 1622
Current queue length: 1622
Current queue length: 1623
Current queue length: 1624
Current queue length: 1625
Current queue length: 1626
Current queue length: 1626
Current queue length: 1627
Current queue length: 1628
Current queue length: 1629
Current queue length: 1630
Current queue length: 1630
Current queue length: 1631
Current queue length: 1632
Current queue length: 1633
Current queue length: 1634
Current queue length: 1634
Current queue length: 1635
Current queue length: 1636
Current queue length: 1636
Current queue length: 1637
Current queue length: 1638
Current queue length: 1639
Current queue length: 1639
Current queue length: 1640
Current queue length: 1641
Current queue length: 1641
Current queue length: 1642
Current queue length: 1643
Current queue length: 1644
Current queue length: 1644
Current queue length: 1645
Current queue length: 1646
Current queue length: 1647
Current queue length: 1647
Current queue length: 1648
Current queue length: 1649
Current queue length: 1650
Current queue length: 1650
Current queue length: 1651
Current queue length: 1652
Current queue length: 1653
Current queue length: 1653
Current queue length: 1654
Current queue length: 1655
Current queue length: 1656
Current queue length: 1656
Current queue length: 1657
Current queue length: 1658
Current queue length: 1659
Current queue length: 1659
Current queue length: 1660
Current queue length: 1661
Current queue length: 1662
Current queue length: 1662
Current queue length: 1663
Current queue length: 1664
Current queue length: 1665
Current queue length: 1665
Current queue length: 1666
Current queue length: 1667
Current queue length: 1668
Current queue length: 1668
Current queue length: 1669
Current queue length: 1670
Current queue length: 1671
Current queue length: 1671
Current queue length: 1672
Current queue length: 1673
Current queue length: 1674
Current queue length: 1674
Current queue length: 1675
Current queue length: 1676
Current queue length: 1677
Current queue length: 1677
Current queue length: 1678
Current queue length: 1679
Current queue length: 1680
Current queue length: 1680
Current queue length: 1681
Current queue length: 1682
Current queue length: 1683
Current queue length: 1683
Current queue length: 1684
Current queue length: 1685
Current queue length: 1686
Current queue length: 1686
Current queue length: 1687
Current queue length: 1688
Current queue length: 1689
Current queue length: 1689
Current queue length: 1690
Current queue length: 1691
Current queue length: 1692
Current queue length: 1692
Current queue length: 1693
Current queue length: 1694
Current queue length: 1695
Current queue length: 1695
Current queue length: 1696
Current queue length: 1697
Current queue length: 1698
Current queue length: 1698
Current queue length: 1699
Current queue length: 1700
Current queue length: 1701
Current queue length: 1701
Current queue length: 1702
Current queue length: 1703
Current queue length: 1704
Current queue length: 1704
Current queue length: 1705
Current queue length: 1706
Current queue length: 1707
Current queue length: 1707
Current queue length: 1708
Current queue length: 1709
Current queue length: 1710
Current queue length: 1710
Current queue length: 1711
Current queue length: 1712
Current queue length: 1713
Current queue length: 1713
Current queue length: 1714
Current queue length: 1715
Current queue length: 1716
Current queue length: 1716
Current queue length: 1717
Current queue length: 1718
Current queue length: 1719
Current queue length: 1719
Current queue length: 1720
Current queue length: 1721
Current queue length: 1722
Current queue length: 1722
Current queue length: 1723
Current queue length: 1724
Current queue length: 1725
Current queue length: 1725
Current queue length: 1726
Current queue length: 1727
Current queue length: 1728
Current queue length: 1728
Current queue length: 1729
Current queue length: 1730
Current queue length: 1731
Current queue length: 1731
Current queue length: 1732
Current queue length: 1733
Current queue length: 1734
Current queue length: 1734
Current queue length: 1735
Current queue length: 1736
Current queue length: 1737
Current queue length: 1737
Current queue length: 1738
Current queue length: 1739
Current queue length: 1740
Current queue length: 1740
Current queue length: 1741
Current queue length: 1742
Current queue length: 1743
Current queue length: 1743
Current queue length: 1744
Current queue length: 1745
Current queue length: 1746
Current queue length: 1746
Current queue length: 1747
Current queue length: 1748
Current queue length: 1749
Current queue length: 1749
Current queue length: 1750
Current queue length: 1751
Current queue length: 1752
Current queue length: 1752
Current queue length: 1753
Current queue length: 1754
Current queue length: 1755
Current queue length: 1755
Current queue length: 1756
Current queue length: 1757
Current queue length: 1758
Current queue length: 1758
Current queue length: 1759
Current queue length: 1760
Current queue length: 1761
Current queue length: 1761
Current queue length: 1762
Current queue length: 1763
Current queue length: 1764
Current queue length: 1764
Current queue length: 1765
Current queue length: 1766
Current queue length: 1767
Current queue length: 1767
Current queue length: 1768
Current queue length: 1769
Current queue length: 1770
Current queue length: 1770
Current queue length: 1771
Current queue length: 1772
Current queue length: 1773
Current queue length: 1773
Current queue length: 1774
Current queue length: 1775
Current queue length: 1776
Current queue length: 1776
Current queue length: 1777
Current queue length: 1778
Current queue length: 1779
Current queue length: 1779
Current queue length: 1780
Current queue length: 1781
Current queue length: 1781
Current queue length: 1782
Current queue length: 1783
Current queue length: 1784
Current queue length: 1784
Current queue length: 1785
Current queue length: 1786
Current queue length: 1787
Current queue length: 1787
Current queue length: 1788
Current queue length: 1789
Current queue length: 1790
Current queue length: 1790
Current queue length: 1791
Current queue length: 1792
Current queue length: 1793
Current queue length: 1793
Current queue length: 1794
Current queue length: 1795
Current queue length: 1796
Current queue length: 1796
Current queue length: 1797
Current queue length: 1798
Current queue length: 1799
Current queue length: 1799
Current queue length: 1800
Current queue length: 1801
Current queue length: 1802
Current queue length: 1802
Current queue length: 1803
Current queue length: 1804
Current queue length: 1805
Current queue length: 1805
Current queue length: 1806
Current queue length: 1807
Current queue length: 1808
Current queue length: 1808
Current queue length: 1809
Current queue length: 1810
Current queue length: 1811
Current queue length: 1811
Current queue length: 1812
Current queue length: 1813
Current queue length: 1814
Current queue length: 1815
Current queue length: 1815
Current queue length: 1816
Current queue length: 1817
Current queue length: 1818
Current queue length: 1818
Current queue length: 1819
Current queue length: 1820
Current queue length: 1821
Current queue length: 1822
Current queue length: 1822
Current queue length: 1823
Current queue length: 1824
Current queue length: 1825
Current queue length: 1826
Current queue length: 1826
Current queue length: 1827
Current queue length: 1828
Current queue length: 1829
Current queue length: 1830
Current queue length: 1830
Current queue length: 1831
Current queue length: 1832
Current queue length: 1833

Executing exact sub-option: MoveRobot.

Collides with body id:3.

Collides with body id:3.

Collides with body id:3.

Executing exact sub-option: MoveEndEffectorToPreGrasp.

Executing exact sub-option: OpenFingers.

Executing exact sub-option: MoveEndEffectorToGrasp.

Executing exact sub-option: CloseFingers.

Executing exact sub-option: MoveEndEffectorBackUpPostGrasp.
Traceback (most recent call last):
  File "/home/cloaked04/projects/predicators/predicators/experiments_pratyush/combined_framework_exp/sequential_four_tables_exp.py", line 167, in <module>
    policy = approach.solve(task, timeout=20000, continuous_env=env)
  File "/home/cloaked04/projects/predicators/predicators/approaches/base_approach.py", line 73, in solve
    pi = self._solve(task, timeout, **kwargs)
  File "/home/cloaked04/projects/predicators/predicators/approaches/bilevel_planning_approach.py", line 78, in _solve
    option_plan, nsrt_plan, metrics = self._run_sesame_plan(
  File "/home/cloaked04/projects/predicators/predicators/approaches/bilevel_planning_approach.py", line 103, in _run_sesame_plan
    option_plan, nsrt_plan, metrics = sesame_plan(
  File "/home/cloaked04/projects/predicators/predicators/planning.py", line 139, in sesame_plan
    return _sesame_plan_with_astar(
  File "/home/cloaked04/projects/predicators/predicators/planning.py", line 318, in _sesame_plan_with_astar
    plan, suc = run_low_level_search(
  File "/home/cloaked04/projects/predicators/predicators/planning.py", line 858, in run_low_level_search
    option_model.get_next_state_and_num_actions(state, option)
  File "/home/cloaked04/projects/predicators/predicators/option_model.py", line 127, in get_next_state_and_num_actions
    traj = utils.run_policy_with_simulator(
  File "/home/cloaked04/projects/predicators/predicators/utils.py", line 1256, in run_policy_with_simulator
    state = simulator(state, act)
  File "/home/cloaked04/projects/predicators/predicators/envs/pybullet_env.py", line 183, in simulate
    return self.step(action)
  File "/home/cloaked04/projects/predicators/predicators/envs/pybullet_env.py", line 409, in step
    time.sleep(CFG.pybullet_sim_steps_per_action*(1/500))
KeyboardInterrupt
